Release 14.7 - xst P.20131013 (lin64)
Copyright (c) 1995-2013 Xilinx, Inc.  All rights reserved.
--> 
Parameter TMPDIR set to xst/projnav.tmp


Total REAL time to Xst completion: 0.00 secs
Total CPU time to Xst completion: 0.03 secs
 
--> 
Parameter xsthdpdir set to xst


Total REAL time to Xst completion: 0.00 secs
Total CPU time to Xst completion: 0.03 secs
 
--> 
Reading design: alu_8bit.prj

TABLE OF CONTENTS
  1) Synthesis Options Summary
  2) HDL Parsing
  3) HDL Elaboration
  4) HDL Synthesis
       4.1) HDL Synthesis Report
  5) Advanced HDL Synthesis
       5.1) Advanced HDL Synthesis Report
  6) Low Level Synthesis
  7) Partition Report
  8) Design Summary
       8.1) Primitive and Black Box Usage
       8.2) Device utilization summary
       8.3) Partition Resource Summary
       8.4) Timing Report
            8.4.1) Clock Information
            8.4.2) Asynchronous Control Signals Information
            8.4.3) Timing Summary
            8.4.4) Timing Details
            8.4.5) Cross Clock Domains Report


=========================================================================
*                      Synthesis Options Summary                        *
=========================================================================
---- Source Parameters
Input File Name                    : "alu_8bit.prj"
Ignore Synthesis Constraint File   : NO

---- Target Parameters
Output File Name                   : "alu_8bit"
Output Format                      : NGC
Target Device                      : xc6slx4-3-tqg144

---- Source Options
Top Module Name                    : alu_8bit
Automatic FSM Extraction           : YES
FSM Encoding Algorithm             : Auto
Safe Implementation                : No
FSM Style                          : LUT
RAM Extraction                     : Yes
RAM Style                          : Auto
ROM Extraction                     : Yes
Shift Register Extraction          : YES
ROM Style                          : Auto
Resource Sharing                   : YES
Asynchronous To Synchronous        : NO
Shift Register Minimum Size        : 2
Use DSP Block                      : Auto
Automatic Register Balancing       : No

---- Target Options
LUT Combining                      : Auto
Reduce Control Sets                : Auto
Add IO Buffers                     : YES
Global Maximum Fanout              : 100000
Add Generic Clock Buffer(BUFG)     : 16
Register Duplication               : YES
Optimize Instantiated Primitives   : NO
Use Clock Enable                   : Auto
Use Synchronous Set                : Auto
Use Synchronous Reset              : Auto
Pack IO Registers into IOBs        : Auto
Equivalent register Removal        : YES

---- General Options
Optimization Goal                  : Speed
Optimization Effort                : 1
Power Reduction                    : NO
Keep Hierarchy                     : No
Netlist Hierarchy                  : As_Optimized
RTL Output                         : Yes
Global Optimization                : AllClockNets
Read Cores                         : YES
Write Timing Constraints           : NO
Cross Clock Analysis               : NO
Hierarchy Separator                : /
Bus Delimiter                      : <>
Case Specifier                     : Maintain
Slice Utilization Ratio            : 100
BRAM Utilization Ratio             : 100
DSP48 Utilization Ratio            : 100
Auto BRAM Packing                  : NO
Slice Utilization Ratio Delta      : 5

=========================================================================


=========================================================================
*                          HDL Parsing                                  *
=========================================================================
Parsing VHDL file "/home/ise/22201044/computer/alu_8bit.vhd" into library work
Parsing entity <alu_8bit>.
Parsing architecture <Behavioral> of entity <alu_8bit>.

=========================================================================
*                            HDL Elaboration                            *
=========================================================================

Elaborating entity <alu_8bit> (architecture <Behavioral>) from library <work>.

=========================================================================
*                           HDL Synthesis                               *
=========================================================================

Synthesizing Unit <alu_8bit>.
    Related source file is "/home/ise/22201044/computer/alu_8bit.vhd".
    Found 9-bit adder for signal <GND_4_o_GND_4_o_add_0_OUT> created at line 27.
    Found 8-bit subtractor for signal <GND_4_o_GND_4_o_sub_2_OUT<7:0>> created at line 32.
    Found 8-bit 7-to-1 multiplexer for signal <RESULT> created at line 24.
    Summary:
	inferred   2 Adder/Subtractor(s).
	inferred   2 Multiplexer(s).
Unit <alu_8bit> synthesized.

=========================================================================
HDL Synthesis Report

Macro Statistics
# Adders/Subtractors                                   : 2
 8-bit subtractor                                      : 1
 9-bit adder                                           : 1
# Multiplexers                                         : 2
 1-bit 2-to-1 multiplexer                              : 1
 8-bit 7-to-1 multiplexer                              : 1
# Xors                                                 : 1
 8-bit xor2                                            : 1

=========================================================================

=========================================================================
*                       Advanced HDL Synthesis                          *
=========================================================================


=========================================================================
Advanced HDL Synthesis Report

Macro Statistics
# Adders/Subtractors                                   : 2
 8-bit subtractor                                      : 1
 9-bit adder                                           : 1
# Multiplexers                                         : 2
 1-bit 2-to-1 multiplexer                              : 1
 8-bit 7-to-1 multiplexer                              : 1
# Xors                                                 : 1
 8-bit xor2                                            : 1

=========================================================================

=========================================================================
*                         Low Level Synthesis                           *
=========================================================================

Optimizing unit <alu_8bit> ...

Mapping all equations...
Building and optimizing final netlist ...
Found area constraint ratio of 100 (+ 5) on block alu_8bit, actual ratio is 1.

Final Macro Processing ...

=========================================================================
Final Register Report

Found no macro
=========================================================================

=========================================================================
*                           Partition Report                            *
=========================================================================

Partition Implementation Status
-------------------------------

  No Partitions were found in this design.

-------------------------------

=========================================================================
*                            Design Summary                             *
=========================================================================

Top Level Output File Name         : alu_8bit.ngc

Primitive and Black Box Usage:
------------------------------
# BELS                             : 66
#      GND                         : 1
#      LUT2                        : 16
#      LUT4                        : 1
#      LUT6                        : 16
#      MUXCY                       : 15
#      VCC                         : 1
#      XORCY                       : 16
# IO Buffers                       : 28
#      IBUF                        : 19
#      OBUF                        : 9

Device utilization summary:
---------------------------

Selected Device : 6slx4tqg144-3 


Slice Logic Utilization: 
 Number of Slice LUTs:                   33  out of   2400     1%  
    Number used as Logic:                33  out of   2400     1%  

Slice Logic Distribution: 
 Number of LUT Flip Flop pairs used:     33
   Number with an unused Flip Flop:      33  out of     33   100%  
   Number with an unused LUT:             0  out of     33     0%  
   Number of fully used LUT-FF pairs:     0  out of     33     0%  
   Number of unique control sets:         0

IO Utilization: 
 Number of IOs:                          28
 Number of bonded IOBs:                  28  out of    102    27%  

Specific Feature Utilization:

---------------------------
Partition Resource Summary:
---------------------------

  No Partitions were found in this design.

---------------------------


=========================================================================
Timing Report

NOTE: THESE TIMING NUMBERS ARE ONLY A SYNTHESIS ESTIMATE.
      FOR ACCURATE TIMING INFORMATION PLEASE REFER TO THE TRACE REPORT
      GENERATED AFTER PLACE-and-ROUTE.

Clock Information:
------------------
No clock signals found in this design

Asynchronous Control Signals Information:
----------------------------------------
No asynchronous control signals found in this design

Timing Summary:
---------------
Speed Grade: -3

   Minimum period: No path found
   Minimum input arrival time before clock: No path found
   Maximum output required time after clock: No path found
   Maximum combinational path delay: 7.500ns

Timing Details:
---------------
All values displayed in nanoseconds (ns)

=========================================================================
Timing constraint: Default path analysis
  Total number of paths / destination ports: 299 / 9
-------------------------------------------------------------------------
Delay:               7.500ns (Levels of Logic = 13)
  Source:            A<0> (PAD)
  Destination:       RESULT<7> (PAD)

  Data Path: A<0> to RESULT<7>
                                Gate     Net
    Cell:in->out      fanout   Delay   Delay  Logical Name (Net Name)
    ----------------------------------------  ------------
     IBUF:I->O             4   1.222   0.788  A_0_IBUF (A_0_IBUF)
     LUT2:I0->O            1   0.203   0.000  Madd_GND_4_o_GND_4_o_add_0_OUT_lut<0> (Madd_GND_4_o_GND_4_o_add_0_OUT_lut<0>)
     MUXCY:S->O            1   0.172   0.000  Madd_GND_4_o_GND_4_o_add_0_OUT_cy<0> (Madd_GND_4_o_GND_4_o_add_0_OUT_cy<0>)
     MUXCY:CI->O           1   0.019   0.000  Madd_GND_4_o_GND_4_o_add_0_OUT_cy<1> (Madd_GND_4_o_GND_4_o_add_0_OUT_cy<1>)
     MUXCY:CI->O           1   0.019   0.000  Madd_GND_4_o_GND_4_o_add_0_OUT_cy<2> (Madd_GND_4_o_GND_4_o_add_0_OUT_cy<2>)
     MUXCY:CI->O           1   0.019   0.000  Madd_GND_4_o_GND_4_o_add_0_OUT_cy<3> (Madd_GND_4_o_GND_4_o_add_0_OUT_cy<3>)
     MUXCY:CI->O           1   0.019   0.000  Madd_GND_4_o_GND_4_o_add_0_OUT_cy<4> (Madd_GND_4_o_GND_4_o_add_0_OUT_cy<4>)
     MUXCY:CI->O           1   0.019   0.000  Madd_GND_4_o_GND_4_o_add_0_OUT_cy<5> (Madd_GND_4_o_GND_4_o_add_0_OUT_cy<5>)
     MUXCY:CI->O           1   0.019   0.000  Madd_GND_4_o_GND_4_o_add_0_OUT_cy<6> (Madd_GND_4_o_GND_4_o_add_0_OUT_cy<6>)
     XORCY:CI->O           1   0.180   0.684  Madd_GND_4_o_GND_4_o_add_0_OUT_xor<7> (GND_4_o_GND_4_o_add_0_OUT<7>)
     LUT6:I4->O            1   0.203   0.580  Mmux_RESULT81 (Mmux_RESULT8)
     LUT6:I5->O            1   0.205   0.579  Mmux_RESULT82 (RESULT_7_OBUF)
     OBUF:I->O                 2.571          RESULT_7_OBUF (RESULT<7>)
    ----------------------------------------
    Total                      7.500ns (4.870ns logic, 2.630ns route)
                                       (64.9% logic, 35.1% route)

=========================================================================

Cross Clock Domains Report:
--------------------------

=========================================================================


Total REAL time to Xst completion: 3.00 secs
Total CPU time to Xst completion: 2.75 secs
 
--> 


Total memory usage is 477112 kilobytes

Number of errors   :    0 (   0 filtered)
Number of warnings :    0 (   0 filtered)
Number of infos    :    0 (   0 filtered)

