Running: /opt/Xilinx/14.7/ISE_DS/ISE/bin/lin64/unwrapped/fuse -intstyle ise -incremental -lib secureip -o /home/ise/22201044/computer/alu_8bit_tb_isim_beh.exe -prj /home/ise/22201044/computer/alu_8bit_tb_beh.prj work.alu_8bit_tb 
ISim P.20131013 (signature 0xfbc00daa)
Number of CPUs detected in this system: 1
Turning on mult-threading, number of parallel sub-compilation jobs: 0 
Determining compilation order of HDL files
Parsing VHDL file "/home/ise/22201044/computer/alu_8bit.vhd" into library work
Parsing VHDL file "/home/ise/22201044/computer/alu_8bit_tb.vhd" into library work
Starting static elaboration
Completed static elaboration
Fuse Memory Usage: 96824 KB
Fuse CPU Usage: 740 ms
Compiling package standard
Compiling package std_logic_1164
Compiling package numeric_std
Compiling architecture behavioral of entity alu_8bit [alu_8bit_default]
Compiling architecture behavioral of entity alu_8bit_tb
Time Resolution for simulation is 1ps.
Compiled 6 VHDL Units
Built simulation executable /home/ise/22201044/computer/alu_8bit_tb_isim_beh.exe
Fuse Memory Usage: 111492 KB
Fuse CPU Usage: 810 ms
GCC CPU Usage: 120 ms
