--------------------------------------------------------------------------------
Release 14.7 Trace  (lin64)
Copyright (c) 1995-2013 Xilinx, Inc.  All rights reserved.

/opt/Xilinx/14.7/ISE_DS/ISE/bin/lin64/unwrapped/trce -intstyle ise -v 3 -s 3 -n
3 -fastpaths -xml register_8bit.twx register_8bit.ncd -o register_8bit.twr
register_8bit.pcf

Design file:              register_8bit.ncd
Physical constraint file: register_8bit.pcf
Device,package,speed:     xc6slx4,tqg144,C,-3 (PRODUCTION 1.23 2013-10-13)
Report level:             verbose report

Environment Variable      Effect 
--------------------      ------ 
NONE                      No environment variables were set
--------------------------------------------------------------------------------

INFO:Timing:2698 - No timing constraints found, doing default enumeration.
INFO:Timing:3412 - To improve timing, see the Timing Closure User Guide (UG612).
INFO:Timing:2752 - To get complete path coverage, use the unconstrained paths 
   option. All paths that are not constrained will be reported in the 
   unconstrained paths section(s) of the report.
INFO:Timing:3339 - The clock-to-out numbers in this timing report are based on 
   a 50 Ohm transmission line loading model.  For the details of this model, 
   and for more information on accounting for different loading conditions, 
   please see the device datasheet.



Data Sheet report:
-----------------
All values displayed in nanoseconds (ns)

Pad to Pad
---------------+---------------+---------+
Source Pad     |Destination Pad|  Delay  |
---------------+---------------+---------+
CLK            |Q<0>           |    8.507|
CLK            |Q<1>           |    8.493|
CLK            |Q<2>           |    8.435|
CLK            |Q<3>           |    8.421|
CLK            |Q<4>           |    8.860|
CLK            |Q<5>           |    8.513|
CLK            |Q<6>           |    9.181|
CLK            |Q<7>           |    9.327|
D<0>           |Q<0>           |    7.383|
D<1>           |Q<1>           |    7.432|
D<2>           |Q<2>           |    7.479|
D<3>           |Q<3>           |    7.464|
D<4>           |Q<4>           |    7.328|
D<5>           |Q<5>           |    8.141|
D<6>           |Q<6>           |    7.932|
D<7>           |Q<7>           |    8.139|
LOAD           |Q<0>           |    7.651|
LOAD           |Q<1>           |    7.561|
LOAD           |Q<2>           |    7.501|
LOAD           |Q<3>           |    7.540|
LOAD           |Q<4>           |    7.618|
LOAD           |Q<5>           |    7.354|
LOAD           |Q<6>           |    7.735|
LOAD           |Q<7>           |    8.335|
RESET          |Q<0>           |    7.319|
RESET          |Q<1>           |    7.767|
RESET          |Q<2>           |    7.243|
RESET          |Q<3>           |    7.505|
RESET          |Q<4>           |    7.509|
RESET          |Q<5>           |    7.745|
RESET          |Q<6>           |    7.670|
RESET          |Q<7>           |    8.068|
---------------+---------------+---------+


Analysis completed Sun Sep 27 09:40:04 2026 
--------------------------------------------------------------------------------

Trace Settings:
-------------------------
Trace Settings 

Peak Memory Usage: 375 MB



