Command line:
   full_adder_8bit_tb_isim_beh.exe
     -simmode  gui
     -simrunnum  1
     -socket  38354

Wed Sep 30 08:01:13 2026


 Elaboration Time: 0.03 sec

 Current Memory Usage: 215.384 Meg

 Total Signals          : 95
 Total Nets             : 46
 Total Signal Drivers   : 38
 Total Blocks           : 11
 Total Primitive Blocks : 9
 Total Processes        : 40
 Total Traceable Variables  : 35
 Total Scalar Nets and Variables : 143
Total Line Count : 62

 Total Simulation Time: 0.05 sec

 Current Memory Usage: 292.983 Meg

Wed Sep 30 08:12:48 2026

